127.0.0.1 - - [31/Jan/2019:09:08:26 +0530] "GET / HTTP/1.1" 404 1074
127.0.0.1 - - [31/Jan/2019:09:08:26 +0530] "GET /springhibernate/ HTTP/1.1" 200 53
127.0.0.1 - - [31/Jan/2019:09:09:16 +0530] "GET /springhibernate/ HTTP/1.1" 200 53
127.0.0.1 - - [31/Jan/2019:09:09:31 +0530] "GET / HTTP/1.1" 404 1074
127.0.0.1 - - [31/Jan/2019:09:11:23 +0530] "GET / HTTP/1.1" 404 1074
127.0.0.1 - - [31/Jan/2019:09:11:23 +0530] "GET /springhibernate/ HTTP/1.1" 200 53
0:0:0:0:0:0:0:1 - - [31/Jan/2019:09:12:04 +0530] "POST /springhibernate/register HTTP/1.1" 415 1087
127.0.0.1 - - [31/Jan/2019:09:15:37 +0530] "GET / HTTP/1.1" 404 1074
127.0.0.1 - - [31/Jan/2019:09:15:38 +0530] "GET /springhibernate/ HTTP/1.1" 200 53
0:0:0:0:0:0:0:1 - - [31/Jan/2019:09:16:19 +0530] "POST /springhibernate/adduser HTTP/1.1" 404 1047
127.0.0.1 - - [31/Jan/2019:09:16:54 +0530] "GET / HTTP/1.1" 404 1074
0:0:0:0:0:0:0:1 - - [31/Jan/2019:09:17:01 +0530] "POST /springhibernate/adduser HTTP/1.1" 415 1087
127.0.0.1 - - [31/Jan/2019:09:22:52 +0530] "GET / HTTP/1.1" 404 1074
127.0.0.1 - - [31/Jan/2019:09:22:53 +0530] "GET /Demo/ HTTP/1.1" 200 52
127.0.0.1 - - [31/Jan/2019:09:24:55 +0530] "GET / HTTP/1.1" 404 1074
127.0.0.1 - - [31/Jan/2019:09:24:56 +0530] "GET /Demo/ HTTP/1.1" 200 52
0:0:0:0:0:0:0:1 - - [31/Jan/2019:09:26:57 +0530] "POST /Demo/adduser HTTP/1.1" 415 1087
0:0:0:0:0:0:0:1 - - [31/Jan/2019:09:27:46 +0530] "POST /Demo/adduser HTTP/1.1" 415 1087
127.0.0.1 - - [31/Jan/2019:09:30:31 +0530] "GET / HTTP/1.1" 404 1074
127.0.0.1 - - [31/Jan/2019:09:30:31 +0530] "GET /Demo/ HTTP/1.1" 200 52
0:0:0:0:0:0:0:1 - - [31/Jan/2019:09:31:35 +0530] "GET /Demo/getusername?userName=nikki HTTP/1.1" 200 9
0:0:0:0:0:0:0:1 - - [31/Jan/2019:09:33:31 +0530] "POST /Demo/adduser HTTP/1.1" 200 -
127.0.0.1 - - [31/Jan/2019:09:34:50 +0530] "GET / HTTP/1.1" 404 1074
127.0.0.1 - - [31/Jan/2019:09:34:50 +0530] "GET /springhibernate/ HTTP/1.1" 200 53
0:0:0:0:0:0:0:1 - - [31/Jan/2019:09:34:55 +0530] "POST /springhibernate/adduser HTTP/1.1" 415 1087
0:0:0:0:0:0:0:1 - - [31/Jan/2019:09:35:07 +0530] "POST /springhibernate/register HTTP/1.1" 500 5420
0:0:0:0:0:0:0:1 - - [31/Jan/2019:09:36:11 +0530] "POST /springhibernate/register HTTP/1.1" 200 35
127.0.0.1 - - [31/Jan/2019:09:39:47 +0530] "GET / HTTP/1.1" 404 1074
127.0.0.1 - - [31/Jan/2019:09:39:47 +0530] "GET /springhibernate/ HTTP/1.1" 200 53
0:0:0:0:0:0:0:1 - - [31/Jan/2019:09:39:53 +0530] "POST /springhibernate/register HTTP/1.1" 415 1087
0:0:0:0:0:0:0:1 - - [31/Jan/2019:09:40:21 +0530] "POST /springhibernate/register HTTP/1.1" 200 35
0:0:0:0:0:0:0:1 - - [31/Jan/2019:09:41:37 +0530] "POST /springhibernate/register HTTP/1.1" 200 35
0:0:0:0:0:0:0:1 - - [31/Jan/2019:09:43:12 +0530] "POST /springhibernate/register HTTP/1.1" 415 1087
0:0:0:0:0:0:0:1 - - [31/Jan/2019:09:43:29 +0530] "POST /springhibernate/register HTTP/1.1" 415 1087
0:0:0:0:0:0:0:1 - - [31/Jan/2019:09:43:48 +0530] "POST /springhibernate/register HTTP/1.1" 415 1087
0:0:0:0:0:0:0:1 - - [31/Jan/2019:09:44:51 +0530] "POST /springhibernate/register HTTP/1.1" 415 1087
127.0.0.1 - - [31/Jan/2019:09:45:36 +0530] "GET / HTTP/1.1" 404 1074
127.0.0.1 - - [31/Jan/2019:09:45:36 +0530] "GET /springhibernate/ HTTP/1.1" 200 53
0:0:0:0:0:0:0:1 - - [31/Jan/2019:09:46:01 +0530] "POST /springhibernate/register HTTP/1.1" 415 1087
0:0:0:0:0:0:0:1 - - [31/Jan/2019:09:46:17 +0530] "POST /springhibernate/register HTTP/1.1" 415 1087
127.0.0.1 - - [31/Jan/2019:09:47:24 +0530] "GET / HTTP/1.1" 404 1074
127.0.0.1 - - [31/Jan/2019:09:47:24 +0530] "GET /springhibernate/ HTTP/1.1" 200 53
0:0:0:0:0:0:0:1 - - [31/Jan/2019:09:47:27 +0530] "POST /springhibernate/register HTTP/1.1" 415 1087
127.0.0.1 - - [31/Jan/2019:09:49:26 +0530] "GET / HTTP/1.1" 404 1074
127.0.0.1 - - [31/Jan/2019:09:49:27 +0530] "GET /springhibernate/ HTTP/1.1" 200 53
0:0:0:0:0:0:0:1 - - [31/Jan/2019:09:50:03 +0530] "POST /springhibernate/register HTTP/1.1" 415 1087
127.0.0.1 - - [31/Jan/2019:09:52:46 +0530] "GET / HTTP/1.1" 404 1074
127.0.0.1 - - [31/Jan/2019:09:52:47 +0530] "GET /springhibernate/ HTTP/1.1" 200 53
0:0:0:0:0:0:0:1 - - [31/Jan/2019:09:52:50 +0530] "POST /springhibernate/register HTTP/1.1" 415 1087
0:0:0:0:0:0:0:1 - - [31/Jan/2019:09:53:07 +0530] "POST /springhibernate/register HTTP/1.1" 415 1087
0:0:0:0:0:0:0:1 - - [31/Jan/2019:09:53:10 +0530] "POST /springhibernate/register HTTP/1.1" 415 1087
0:0:0:0:0:0:0:1 - - [31/Jan/2019:09:56:24 +0530] "POST /springhibernate/register HTTP/1.1" 415 1087
127.0.0.1 - - [31/Jan/2019:09:59:17 +0530] "GET / HTTP/1.1" 404 1074
127.0.0.1 - - [31/Jan/2019:09:59:17 +0530] "GET /springhibernate/ HTTP/1.1" 200 53
0:0:0:0:0:0:0:1 - - [31/Jan/2019:09:59:21 +0530] "POST /springhibernate/register HTTP/1.1" 404 1047
0:0:0:0:0:0:0:1 - - [31/Jan/2019:09:59:52 +0530] "POST /springhibernate/register HTTP/1.1" 404 1047
127.0.0.1 - - [31/Jan/2019:10:00:17 +0530] "GET / HTTP/1.1" 404 1074
127.0.0.1 - - [31/Jan/2019:10:00:18 +0530] "GET /springhibernate/ HTTP/1.1" 200 53
0:0:0:0:0:0:0:1 - - [31/Jan/2019:10:00:22 +0530] "POST /springhibernate/register HTTP/1.1" 404 1047
127.0.0.1 - - [31/Jan/2019:10:00:34 +0530] "GET /springhibernate/hello HTTP/1.1" 200 35
127.0.0.1 - - [31/Jan/2019:10:00:43 +0530] "GET /springhibernate/register HTTP/1.1" 405 1114
127.0.0.1 - - [31/Jan/2019:10:00:50 +0530] "GET /springhibernate HTTP/1.1" 302 -
127.0.0.1 - - [31/Jan/2019:10:00:50 +0530] "GET /springhibernate/ HTTP/1.1" 200 53
0:0:0:0:0:0:0:1 - - [31/Jan/2019:10:01:00 +0530] "POST /springhibernate/register HTTP/1.1" 404 1047
0:0:0:0:0:0:0:1 - - [31/Jan/2019:10:01:44 +0530] "POST /springhibernate/register HTTP/1.1" 404 1047
0:0:0:0:0:0:0:1 - - [31/Jan/2019:10:02:48 +0530] "POST /springhibernate/register HTTP/1.1" 404 1047
0:0:0:0:0:0:0:1 - - [31/Jan/2019:10:03:10 +0530] "POST /springhibernate/register HTTP/1.1" 404 1047
0:0:0:0:0:0:0:1 - - [31/Jan/2019:10:03:30 +0530] "POST /springhibernate/register HTTP/1.1" 415 1087
0:0:0:0:0:0:0:1 - - [31/Jan/2019:10:05:45 +0530] "POST /springhibernate/register HTTP/1.1" 415 1087
0:0:0:0:0:0:0:1 - - [31/Jan/2019:10:07:29 +0530] "POST /springhibernate/register HTTP/1.1" 415 1087
0:0:0:0:0:0:0:1 - - [31/Jan/2019:10:08:50 +0530] "POST /springhibernate/register HTTP/1.1" 415 1087
0:0:0:0:0:0:0:1 - - [31/Jan/2019:10:11:14 +0530] "POST /springhibernate/register HTTP/1.1" 415 1087
127.0.0.1 - - [31/Jan/2019:10:31:53 +0530] "GET / HTTP/1.1" 404 1074
127.0.0.1 - - [31/Jan/2019:10:31:54 +0530] "GET /springhibernate/ HTTP/1.1" 200 53
0:0:0:0:0:0:0:1 - - [31/Jan/2019:10:31:58 +0530] "POST /springhibernate/register HTTP/1.1" 415 1087
0:0:0:0:0:0:0:1 - - [31/Jan/2019:10:32:17 +0530] "POST /springhibernate/register HTTP/1.1" 415 1087
127.0.0.1 - - [31/Jan/2019:10:34:25 +0530] "GET / HTTP/1.1" 404 1074
127.0.0.1 - - [31/Jan/2019:10:34:25 +0530] "GET /springhibernate/ HTTP/1.1" 200 53
0:0:0:0:0:0:0:1 - - [31/Jan/2019:10:34:31 +0530] "POST /springhibernate/register HTTP/1.1" 405 1115
0:0:0:0:0:0:0:1 - - [31/Jan/2019:10:34:37 +0530] "PUT /springhibernate/register HTTP/1.1" 415 1087
0:0:0:0:0:0:0:1 - - [31/Jan/2019:10:37:14 +0530] "PUT /springhibernate/register HTTP/1.1" 405 1114
0:0:0:0:0:0:0:1 - - [31/Jan/2019:10:38:15 +0530] "POST /springhibernate/register HTTP/1.1" 415 1087
0:0:0:0:0:0:0:1 - - [31/Jan/2019:10:38:52 +0530] "POST /springhibernate/add HTTP/1.1" 415 1087
0:0:0:0:0:0:0:1 - - [31/Jan/2019:10:39:05 +0530] "POST /springhibernate/add HTTP/1.1" 415 1087
0:0:0:0:0:0:0:1 - - [31/Jan/2019:10:39:38 +0530] "POST /springhibernate/add HTTP/1.1" 415 1087
127.0.0.1 - - [31/Jan/2019:10:49:31 +0530] "GET / HTTP/1.1" 404 1074
127.0.0.1 - - [31/Jan/2019:10:49:31 +0530] "GET /springhibernate/ HTTP/1.1" 200 53
127.0.0.1 - - [31/Jan/2019:10:51:40 +0530] "GET / HTTP/1.1" 404 1074
127.0.0.1 - - [31/Jan/2019:10:51:40 +0530] "GET /springhibernate/ HTTP/1.1" 200 53
0:0:0:0:0:0:0:1 - - [31/Jan/2019:10:51:44 +0530] "POST /springhibernate/add HTTP/1.1" 415 1087
127.0.0.1 - - [31/Jan/2019:10:53:36 +0530] "GET / HTTP/1.1" 404 1074
127.0.0.1 - - [31/Jan/2019:10:53:36 +0530] "GET /springhibernate/ HTTP/1.1" 200 53
0:0:0:0:0:0:0:1 - - [31/Jan/2019:10:53:40 +0530] "POST /springhibernate/add HTTP/1.1" 404 1047
0:0:0:0:0:0:0:1 - - [31/Jan/2019:10:53:48 +0530] "POST /Demo/adduser HTTP/1.1" 404 1090
0:0:0:0:0:0:0:1 - - [31/Jan/2019:10:54:18 +0530] "POST /springhibernate/register HTTP/1.1" 415 1087
0:0:0:0:0:0:0:1 - - [31/Jan/2019:10:58:01 +0530] "POST /springhibernate/register HTTP/1.1" 415 1087
127.0.0.1 - - [31/Jan/2019:11:03:51 +0530] "GET / HTTP/1.1" 404 1074
127.0.0.1 - - [31/Jan/2019:11:03:52 +0530] "GET /springhibernate/ HTTP/1.1" 200 53
0:0:0:0:0:0:0:1 - - [31/Jan/2019:11:03:56 +0530] "POST /springhibernate/register HTTP/1.1" 415 1087
0:0:0:0:0:0:0:1 - - [31/Jan/2019:11:05:05 +0530] "POST /springhibernate/register HTTP/1.1" 415 1087
0:0:0:0:0:0:0:1 - - [31/Jan/2019:11:05:19 +0530] "POST /springhibernate/register HTTP/1.1" 415 1087
127.0.0.1 - - [31/Jan/2019:11:14:29 +0530] "GET / HTTP/1.1" 404 1074
127.0.0.1 - - [31/Jan/2019:11:14:30 +0530] "GET /sample/ HTTP/1.1" 200 52
0:0:0:0:0:0:0:1 - - [31/Jan/2019:11:16:00 +0530] "POST /sample/addsample HTTP/1.1" 415 1087
0:0:0:0:0:0:0:1 - - [31/Jan/2019:11:16:33 +0530] "POST /sample/addsample HTTP/1.1" 415 1087
0:0:0:0:0:0:0:1 - - [31/Jan/2019:11:16:38 +0530] "POST /sample/addsample HTTP/1.1" 415 1087
127.0.0.1 - - [31/Jan/2019:11:38:07 +0530] "GET / HTTP/1.1" 404 1074
127.0.0.1 - - [31/Jan/2019:11:38:07 +0530] "GET /choudhury-rest/ HTTP/1.1" 404 1093
127.0.0.1 - - [31/Jan/2019:11:39:27 +0530] "GET / HTTP/1.1" 404 1074
127.0.0.1 - - [31/Jan/2019:11:39:27 +0530] "GET /choudhury-rest/ HTTP/1.1" 404 1093
127.0.0.1 - - [31/Jan/2019:11:39:44 +0530] "GET / HTTP/1.1" 404 1074
127.0.0.1 - - [31/Jan/2019:11:40:08 +0530] "GET / HTTP/1.1" 404 1074
127.0.0.1 - - [31/Jan/2019:11:40:08 +0530] "GET /choudhury-rest/ HTTP/1.1" 404 1093
0:0:0:0:0:0:0:1 - - [31/Jan/2019:11:41:39 +0530] "POST /choudhury-rest/book/add HTTP/1.1" 404 1105
127.0.0.1 - - [31/Jan/2019:11:42:37 +0530] "GET / HTTP/1.1" 404 1074
127.0.0.1 - - [31/Jan/2019:11:42:38 +0530] "GET /spring-rest/ HTTP/1.1" 404 1090
0:0:0:0:0:0:0:1 - - [31/Jan/2019:11:42:48 +0530] "POST /spring-rest/book/add HTTP/1.1" 404 1102
0:0:0:0:0:0:0:1 - - [31/Jan/2019:11:44:27 +0530] "POST /spring-rest/rest/book/add HTTP/1.1" 404 1047
127.0.0.1 - - [31/Jan/2019:11:46:32 +0530] "GET / HTTP/1.1" 404 1074
127.0.0.1 - - [31/Jan/2019:11:46:32 +0530] "GET /spring-rest/ HTTP/1.1" 404 1047
0:0:0:0:0:0:0:1 - - [31/Jan/2019:11:46:43 +0530] "POST /spring-rest/book/add HTTP/1.1" 404 1047
127.0.0.1 - - [31/Jan/2019:11:46:56 +0530] "GET /spring-rest/index.html HTTP/1.1" 404 1047
127.0.0.1 - - [31/Jan/2019:11:47:03 +0530] "GET /spring-rest HTTP/1.1" 302 -
127.0.0.1 - - [31/Jan/2019:11:47:03 +0530] "GET /spring-rest/ HTTP/1.1" 404 1047
127.0.0.1 - - [31/Jan/2019:11:51:01 +0530] "GET / HTTP/1.1" 404 1074
127.0.0.1 - - [31/Jan/2019:11:51:01 +0530] "GET /Spring4MVCCRUDRestService/ HTTP/1.1" 404 1104
127.0.0.1 - - [31/Jan/2019:11:52:02 +0530] "GET /Spring4MVCCRUDRestService/user HTTP/1.1" 404 1108
127.0.0.1 - - [31/Jan/2019:11:52:02 +0530] "GET /favicon.ico HTTP/1.1" 404 1085
127.0.0.1 - - [31/Jan/2019:11:57:37 +0530] "GET / HTTP/1.1" 404 1074
127.0.0.1 - - [31/Jan/2019:12:06:13 +0530] "GET / HTTP/1.1" 404 1074
127.0.0.1 - - [31/Jan/2019:12:06:13 +0530] "GET /Demo/ HTTP/1.1" 200 52
0:0:0:0:0:0:0:1 - - [31/Jan/2019:12:06:44 +0530] "POST /Demo/adduser HTTP/1.1" 200 -
0:0:0:0:0:0:0:1 - - [31/Jan/2019:12:07:18 +0530] "POST /Demo/adduser HTTP/1.1" 200 -
0:0:0:0:0:0:0:1 - - [31/Jan/2019:12:12:07 +0530] "POST /Demo/adduser HTTP/1.1" 200 -
127.0.0.1 - - [31/Jan/2019:12:15:17 +0530] "GET / HTTP/1.1" 404 1074
127.0.0.1 - - [31/Jan/2019:12:15:17 +0530] "GET /Demo/ HTTP/1.1" 200 52
0:0:0:0:0:0:0:1 - - [31/Jan/2019:12:15:27 +0530] "POST /Demo/adduser HTTP/1.1" 415 1087
0:0:0:0:0:0:0:1 - - [31/Jan/2019:12:16:06 +0530] "POST /Demo/adduser HTTP/1.1" 415 1087
0:0:0:0:0:0:0:1 - - [31/Jan/2019:12:17:26 +0530] "POST /Demo/adduser HTTP/1.1" 200 -
0:0:0:0:0:0:0:1 - - [31/Jan/2019:12:18:05 +0530] "POST /Demo/adduser HTTP/1.1" 200 26
127.0.0.1 - - [31/Jan/2019:14:01:57 +0530] "GET / HTTP/1.1" 404 1074
127.0.0.1 - - [31/Jan/2019:14:01:57 +0530] "GET /Demo/ HTTP/1.1" 200 52
0:0:0:0:0:0:0:1 - - [31/Jan/2019:14:02:11 +0530] "POST /Demo/adduser HTTP/1.1" 200 26
127.0.0.1 - - [31/Jan/2019:14:03:08 +0530] "GET / HTTP/1.1" 404 1074
127.0.0.1 - - [31/Jan/2019:14:03:09 +0530] "GET /Demo/ HTTP/1.1" 200 52
0:0:0:0:0:0:0:1 - - [31/Jan/2019:14:03:11 +0530] "POST /Demo/adduser HTTP/1.1" 415 1087
127.0.0.1 - - [31/Jan/2019:14:07:07 +0530] "GET / HTTP/1.1" 404 1074
127.0.0.1 - - [31/Jan/2019:14:07:08 +0530] "GET /Demo/ HTTP/1.1" 200 52
0:0:0:0:0:0:0:1 - - [31/Jan/2019:14:07:56 +0530] "POST /Demo/adduser HTTP/1.1" 500 14911
127.0.0.1 - - [31/Jan/2019:14:09:20 +0530] "GET / HTTP/1.1" 404 1074
127.0.0.1 - - [31/Jan/2019:14:09:20 +0530] "GET /Demo/ HTTP/1.1" 200 52
127.0.0.1 - - [31/Jan/2019:14:10:58 +0530] "GET / HTTP/1.1" 404 1074
127.0.0.1 - - [31/Jan/2019:14:10:59 +0530] "GET /Demo/ HTTP/1.1" 200 52
0:0:0:0:0:0:0:1 - - [31/Jan/2019:14:11:03 +0530] "POST /Demo/adduser HTTP/1.1" 415 1087
0:0:0:0:0:0:0:1 - - [31/Jan/2019:14:53:01 +0530] "POST /Demo/adduser HTTP/1.1" 415 1087
0:0:0:0:0:0:0:1 - - [31/Jan/2019:14:53:01 +0530] "POST /Demo/adduser HTTP/1.1" 415 1087
127.0.0.1 - - [31/Jan/2019:15:04:48 +0530] "GET / HTTP/1.1" 404 1074
127.0.0.1 - - [31/Jan/2019:15:04:48 +0530] "GET /springrest/ HTTP/1.1" 404 1089
127.0.0.1 - - [31/Jan/2019:15:06:26 +0530] "GET / HTTP/1.1" 404 1074
127.0.0.1 - - [31/Jan/2019:15:06:26 +0530] "GET /springrest/ HTTP/1.1" 404 1089
127.0.0.1 - - [31/Jan/2019:15:08:07 +0530] "GET / HTTP/1.1" 404 1074
127.0.0.1 - - [31/Jan/2019:15:08:08 +0530] "GET /springrest/ HTTP/1.1" 404 1089
127.0.0.1 - - [31/Jan/2019:15:17:02 +0530] "GET / HTTP/1.1" 404 1074
127.0.0.1 - - [31/Jan/2019:15:17:02 +0530] "GET /springrest/ HTTP/1.1" 404 1089
127.0.0.1 - - [31/Jan/2019:15:18:16 +0530] "GET / HTTP/1.1" 404 1074
127.0.0.1 - - [31/Jan/2019:15:18:17 +0530] "GET /springrest/ HTTP/1.1" 200 52
0:0:0:0:0:0:0:1 - - [31/Jan/2019:15:19:14 +0530] "POST /springrest/create HTTP/1.1" 404 1047
127.0.0.1 - - [31/Jan/2019:15:20:39 +0530] "GET / HTTP/1.1" 404 1074
127.0.0.1 - - [31/Jan/2019:15:20:39 +0530] "GET /springrest/ HTTP/1.1" 200 52
127.0.0.1 - - [31/Jan/2019:15:25:44 +0530] "GET / HTTP/1.1" 404 1074
127.0.0.1 - - [31/Jan/2019:15:25:44 +0530] "GET /springrest/ HTTP/1.1" 404 1089
127.0.0.1 - - [31/Jan/2019:15:31:27 +0530] "GET / HTTP/1.1" 404 1074
127.0.0.1 - - [31/Jan/2019:15:31:27 +0530] "GET /springrest/ HTTP/1.1" 404 1089
127.0.0.1 - - [31/Jan/2019:16:44:30 +0530] "GET / HTTP/1.1" 404 1074
127.0.0.1 - - [31/Jan/2019:16:44:45 +0530] "GET / HTTP/1.1" 404 1074
127.0.0.1 - - [31/Jan/2019:16:44:46 +0530] "GET /SpringRestHibernate/ HTTP/1.1" 200 52
0:0:0:0:0:0:0:1 - - [31/Jan/2019:16:46:26 +0530] "POST /SpringRestHibernate/register HTTP/1.1" 500 18657
127.0.0.1 - - [31/Jan/2019:16:48:07 +0530] "GET /SpringRestHibernate/ HTTP/1.1" 200 52
127.0.0.1 - - [31/Jan/2019:16:48:32 +0530] "GET / HTTP/1.1" 404 1074
0:0:0:0:0:0:0:1 - - [31/Jan/2019:16:48:39 +0530] "POST /SpringRestHibernate/register HTTP/1.1" 500 18657
0:0:0:0:0:0:0:1 - - [31/Jan/2019:16:50:50 +0530] "POST /SpringRestHibernate/register HTTP/1.1" 500 18657
127.0.0.1 - - [31/Jan/2019:16:53:23 +0530] "GET / HTTP/1.1" 404 1074
127.0.0.1 - - [31/Jan/2019:16:53:23 +0530] "GET /SpringRestHibernate/ HTTP/1.1" 200 52
0:0:0:0:0:0:0:1 - - [31/Jan/2019:16:53:35 +0530] "POST /SpringRestHibernate/register HTTP/1.1" 500 18655
0:0:0:0:0:0:0:1 - - [31/Jan/2019:16:53:57 +0530] "POST /SpringRestHibernate/register HTTP/1.1" 500 18655
127.0.0.1 - - [31/Jan/2019:16:57:23 +0530] "GET / HTTP/1.1" 404 1074
127.0.0.1 - - [31/Jan/2019:16:57:23 +0530] "GET /SpringRestHibernate/ HTTP/1.1" 200 52
0:0:0:0:0:0:0:1 - - [31/Jan/2019:16:57:29 +0530] "POST /SpringRestHibernate/register HTTP/1.1" 500 18657
127.0.0.1 - - [31/Jan/2019:16:59:41 +0530] "GET /SpringRestHibernate/ HTTP/1.1" 200 52
0:0:0:0:0:0:0:1 - - [31/Jan/2019:16:59:59 +0530] "POST /SpringRestHibernate/register HTTP/1.1" 500 18657
127.0.0.1 - - [31/Jan/2019:17:02:40 +0530] "GET / HTTP/1.1" 404 1074
127.0.0.1 - - [31/Jan/2019:17:02:40 +0530] "GET /SpringRestHibernate/ HTTP/1.1" 200 52
127.0.0.1 - - [31/Jan/2019:17:03:20 +0530] "GET / HTTP/1.1" 404 1074
127.0.0.1 - - [31/Jan/2019:17:03:20 +0530] "GET /SpringRestHibernate/ HTTP/1.1" 200 52
0:0:0:0:0:0:0:1 - - [31/Jan/2019:17:03:27 +0530] "POST /SpringRestHibernate/register HTTP/1.1" 404 1047
127.0.0.1 - - [31/Jan/2019:17:05:37 +0530] "GET / HTTP/1.1" 404 1074
127.0.0.1 - - [31/Jan/2019:17:05:37 +0530] "GET /SpringRestHibernate/ HTTP/1.1" 200 52
0:0:0:0:0:0:0:1 - - [31/Jan/2019:17:05:59 +0530] "POST /SpringRestHibernate/register HTTP/1.1" 500 18657
127.0.0.1 - - [31/Jan/2019:17:21:18 +0530] "GET / HTTP/1.1" 404 1074
127.0.0.1 - - [31/Jan/2019:17:21:18 +0530] "GET /SpringRestHibernate/ HTTP/1.1" 200 52
0:0:0:0:0:0:0:1 - - [31/Jan/2019:17:21:32 +0530] "POST /SpringRestHibernateNew/register HTTP/1.1" 404 1109
127.0.0.1 - - [31/Jan/2019:17:23:57 +0530] "GET /SpringRestHibernate/ HTTP/1.1" 200 52
127.0.0.1 - - [31/Jan/2019:17:25:14 +0530] "GET / HTTP/1.1" 404 1074
127.0.0.1 - - [31/Jan/2019:17:25:35 +0530] "GET /SpringRestHibernate/ HTTP/1.1" 200 52
0:0:0:0:0:0:0:1 - - [31/Jan/2019:17:26:19 +0530] "POST /SpringRestHibernate/register HTTP/1.1" 500 18657
0:0:0:0:0:0:0:1 - - [31/Jan/2019:17:26:47 +0530] "POST /SpringRestHibernate/register HTTP/1.1" 500 18657
127.0.0.1 - - [31/Jan/2019:17:58:02 +0530] "GET / HTTP/1.1" 404 1074
127.0.0.1 - - [31/Jan/2019:17:58:03 +0530] "GET /SpringRestHibernate/ HTTP/1.1" 200 52
0:0:0:0:0:0:0:1 - - [31/Jan/2019:17:58:43 +0530] "POST /SpringRestHibernateNew/register HTTP/1.1" 404 1109
0:0:0:0:0:0:0:1 - - [31/Jan/2019:17:59:24 +0530] "POST /SpringRestHibernate/register HTTP/1.1" 200 -
